[36mvite v7.3.6 [32mbuilding client environment for production...[36m[39m
transforming...
[32m✓[39m 260 modules transformed.
rendering chunks...
[33m[plugin vite:reporter] 
(!) /home/runner/work/english-path/english-path/app/src/core/cloud/client.ts is dynamically imported by /home/runner/work/english-path/english-path/app/src/core/audio/yandex.ts, /home/runner/work/english-path/english-path/app/src/core/translate/translate.ts but also statically imported by /home/runner/work/english-path/english-path/app/src/content/achievements/context.ts, /home/runner/work/english-path/english-path/app/src/core/achievements/rarity.ts, /home/runner/work/english-path/english-path/app/src/core/cloud/hooks.ts, /home/runner/work/english-path/english-path/app/src/core/cloud/index.ts, /home/runner/work/english-path/english-path/app/src/core/league/league.ts, /home/runner/work/english-path/english-path/app/src/core/notifications/push.ts, /home/runner/work/english-path/english-path/app/src/engine/engine.ts, dynamic import will not move module into another chunk.
[39m
computing gzip size...
[2mdist/[22m[32mindex.html                        [39m[1m[2m  1.33 kB[22m[1m[22m[2m │ gzip:  0.53 kB[22m
[2mdist/[22m[2massets/[22m[35mLeagueEmblem-Qx3gqIn6.css  [39m[1m[2m  0.13 kB[22m[1m[22m[2m │ gzip:  0.10 kB[22m
[2mdist/[22m[2massets/[22m[35mBook-Cgj5gBKZ.css          [39m[1m[2m  0.22 kB[22m[1m[22m[2m │ gzip:  0.15 kB[22m
[2mdist/[22m[2massets/[22m[35mTenses-DZBPOuHx.css        [39m[1m[2m  0.35 kB[22m[1m[22m[2m │ gzip:  0.22 kB[22m
[2mdist/[22m[2massets/[22m[35mSeg-CRUgqJX0.css           [39m[1m[2m  0.41 kB[22m[1m[22m[2m │ gzip:  0.25 kB[22m
[2mdist/[22m[2massets/[22m[35mAvatar-DBaQ2D-c.css        [39m[1m[2m  0.49 kB[22m[1m[22m[2m │ gzip:  0.29 kB[22m
[2mdist/[22m[2massets/[22m[35mAchPopups-Dd7f67Xw.css     [39m[1m[2m  1.08 kB[22m[1m[22m[2m │ gzip:  0.51 kB[22m
[2mdist/[22m[2massets/[22m[35mDictionary-PWJybAxV.css    [39m[1m[2m  1.91 kB[22m[1m[22m[2m │ gzip:  0.76 kB[22m
[2mdist/[22m[2massets/[22m[35mPlacement-DwHn19ja.css     [39m[1m[2m  2.56 kB[22m[1m[22m[2m │ gzip:  0.83 kB[22m
[2mdist/[22m[2massets/[22m[35mLibrary-CTFJWP8k.css       [39m[1m[2m  2.60 kB[22m[1m[22m[2m │ gzip:  0.92 kB[22m
[2mdist/[22m[2massets/[22m[35mLeague-DmhXQGat.css        [39m[1m[2m  2.97 kB[22m[1m[22m[2m │ gzip:  1.02 kB[22m
[2mdist/[22m[2massets/[22m[35mreader-core-eNpR9GB8.css   [39m[1m[2m  2.98 kB[22m[1m[22m[2m │ gzip:  1.07 kB[22m
[2mdist/[22m[2massets/[22m[35mListen-9HPhz_CT.css        [39m[1m[2m  2.99 kB[22m[1m[22m[2m │ gzip:  1.00 kB[22m
[2mdist/[22m[2massets/[22m[35mAchCard-DaadkfE0.css       [39m[1m[2m  3.47 kB[22m[1m[22m[2m │ gzip:  1.15 kB[22m
[2mdist/[22m[2massets/[22m[35mReview-BsH8pSHk.css        [39m[1m[2m  4.89 kB[22m[1m[22m[2m │ gzip:  1.66 kB[22m
[2mdist/[22m[2massets/[22m[35mSettings-D5hjKxVN.css      [39m[1m[2m  5.06 kB[22m[1m[22m[2m │ gzip:  1.64 kB[22m
[2mdist/[22m[2massets/[22m[35mCourse-BUVXPbvp.css        [39m[1m[2m  7.48 kB[22m[1m[22m[2m │ gzip:  2.21 kB[22m
[2mdist/[22m[2massets/[22m[35mUnit-1Ogcy0gI.css          [39m[1m[2m  8.36 kB[22m[1m[22m[2m │ gzip:  2.21 kB[22m
[2mdist/[22m[2massets/[22m[35mExercises-DPxsvMYC.css     [39m[1m[2m  9.12 kB[22m[1m[22m[2m │ gzip:  2.43 kB[22m
[2mdist/[22m[2massets/[22m[35mProfile-D4tcSRki.css       [39m[1m[2m  9.48 kB[22m[1m[22m[2m │ gzip:  2.38 kB[22m
[2mdist/[22m[2massets/[22m[35mindex-BPTAmiVL.css         [39m[1m[2m329.10 kB[22m[1m[22m[2m │ gzip: 72.71 kB[22m
[2mdist/[22m[2massets/[22m[36mplural-CJymKN6i.js         [39m[1m[2m  0.15 kB[22m[1m[22m[2m │ gzip:  0.16 kB[22m[2m │ map:     0.75 kB[22m
[2mdist/[22m[2massets/[22m[36mrandom-aP4swXz-.js         [39m[1m[2m  0.24 kB[22m[1m[22m[2m │ gzip:  0.20 kB[22m[2m │ map:     1.11 kB[22m
[2mdist/[22m[2massets/[22m[36mhooks-CJcpLcn-.js          [39m[1m[2m  0.25 kB[22m[1m[22m[2m │ gzip:  0.25 kB[22m[2m │ map:     1.30 kB[22m
[2mdist/[22m[2massets/[22m[36mclassify-BvrFj1wu.js       [39m[1m[2m  0.27 kB[22m[1m[22m[2m │ gzip:  0.22 kB[22m[2m │ map:     1.47 kB[22m
[2mdist/[22m[2massets/[22m[36mAvatar-D8uxAWGD.js         [39m[1m[2m  0.29 kB[22m[1m[22m[2m │ gzip:  0.25 kB[22m[2m │ map:     0.98 kB[22m
[2mdist/[22m[2massets/[22m[36mcourse-head-D9UxKII_.js    [39m[1m[2m  0.34 kB[22m[1m[22m[2m │ gzip:  0.28 kB[22m[2m │ map:     1.32 kB[22m
[2mdist/[22m[2massets/[22m[36mSeg-B3BCGE4r.js            [39m[1m[2m  0.36 kB[22m[1m[22m[2m │ gzip:  0.28 kB[22m[2m │ map:     1.42 kB[22m
[2mdist/[22m[2massets/[22m[36mprogress-DNMY2wur.js       [39m[1m[2m  0.38 kB[22m[1m[22m[2m │ gzip:  0.28 kB[22m[2m │ map:     2.57 kB[22m
[2mdist/[22m[2massets/[22m[36mLibTabs-kLupJG0u.js        [39m[1m[2m  0.38 kB[22m[1m[22m[2m │ gzip:  0.30 kB[22m[2m │ map:     1.07 kB[22m
[2mdist/[22m[2massets/[22m[36mLeagueEmblem-BEfJ-M74.js   [39m[1m[2m  0.50 kB[22m[1m[22m[2m │ gzip:  0.38 kB[22m[2m │ map:     1.78 kB[22m
[2mdist/[22m[2massets/[22m[36mReader-0L20xfmb.js         [39m[1m[2m  1.10 kB[22m[1m[22m[2m │ gzip:  0.65 kB[22m[2m │ map:     4.60 kB[22m
[2mdist/[22m[2massets/[22m[36mmurphy-D3TeEG-e.js         [39m[1m[2m  1.28 kB[22m[1m[22m[2m │ gzip:  0.77 kB[22m[2m │ map:     6.75 kB[22m
[2mdist/[22m[2massets/[22m[36mAchPopups-BD6Vvr5P.js      [39m[1m[2m  1.49 kB[22m[1m[22m[2m │ gzip:  0.81 kB[22m[2m │ map:     5.80 kB[22m
[2mdist/[22m[2massets/[22m[36mscheduler-CnEJkaqd.js      [39m[1m[2m  1.66 kB[22m[1m[22m[2m │ gzip:  0.78 kB[22m[2m │ map:     7.18 kB[22m
[2mdist/[22m[2massets/[22m[36mreading-DXmu3IrA.js        [39m[1m[2m  1.69 kB[22m[1m[22m[2m │ gzip:  0.88 kB[22m[2m │ map:     7.50 kB[22m
[2mdist/[22m[2massets/[22m[36mBook-CnRdg8uu.js           [39m[1m[2m  4.18 kB[22m[1m[22m[2m │ gzip:  1.95 kB[22m[2m │ map:    12.02 kB[22m
[2mdist/[22m[2massets/[22m[36mAchCard-C3qi3eed.js        [39m[1m[2m  6.75 kB[22m[1m[22m[2m │ gzip:  3.28 kB[22m[2m │ map:    29.03 kB[22m
[2mdist/[22m[2massets/[22m[36mPlacement-DHouuUw2.js      [39m[1m[2m  7.10 kB[22m[1m[22m[2m │ gzip:  2.94 kB[22m[2m │ map:    24.20 kB[22m
[2mdist/[22m[2massets/[22m[36mExercises-BudHUqwM.js      [39m[1m[2m  7.35 kB[22m[1m[22m[2m │ gzip:  3.42 kB[22m[2m │ map:    28.55 kB[22m
[2mdist/[22m[2massets/[22m[36mListen-BO1n2lP-.js         [39m[1m[2m  8.41 kB[22m[1m[22m[2m │ gzip:  3.76 kB[22m[2m │ map:    28.69 kB[22m
[2mdist/[22m[2massets/[22m[36mCourse-ClhqcEx5.js         [39m[1m[2m  8.64 kB[22m[1m[22m[2m │ gzip:  3.56 kB[22m[2m │ map:    30.09 kB[22m
[2mdist/[22m[2massets/[22m[36mLeague-CW1sgPHc.js         [39m[1m[2m  9.78 kB[22m[1m[22m[2m │ gzip:  3.68 kB[22m[2m │ map:    29.35 kB[22m
[2mdist/[22m[2massets/[22m[36mPosters-DS5N646o.js        [39m[1m[2m 10.88 kB[22m[1m[22m[2m │ gzip:  4.96 kB[22m[2m │ map:    33.27 kB[22m
[2mdist/[22m[2massets/[22m[36mLibrary-CWFLbNUH.js        [39m[1m[2m 11.29 kB[22m[1m[22m[2m │ gzip:  4.27 kB[22m[2m │ map:    37.50 kB[22m
[2mdist/[22m[2massets/[22m[36mreader-core-hP5mmso9.js    [39m[1m[2m 11.82 kB[22m[1m[22m[2m │ gzip:  4.79 kB[22m[2m │ map:    41.18 kB[22m
[2mdist/[22m[2massets/[22m[36mTenses-CpYCGC6v.js         [39m[1m[2m 14.14 kB[22m[1m[22m[2m │ gzip:  5.35 kB[22m[2m │ map:    45.83 kB[22m
[2mdist/[22m[2massets/[22m[36mchannels-QewVTsmc.js       [39m[1m[2m 15.76 kB[22m[1m[22m[2m │ gzip:  6.11 kB[22m[2m │ map:    21.59 kB[22m
[2mdist/[22m[2massets/[22m[36mReview-nw4dWcnD.js         [39m[1m[2m 16.25 kB[22m[1m[22m[2m │ gzip:  6.42 kB[22m[2m │ map:    57.95 kB[22m
[2mdist/[22m[2massets/[22m[36mDictionary-Cq2z4wSl.js     [39m[1m[2m 17.79 kB[22m[1m[22m[2m │ gzip:  6.29 kB[22m[2m │ map:    56.68 kB[22m
[2mdist/[22m[2massets/[22m[36mlist-cabqh-pz.js           [39m[1m[2m 18.48 kB[22m[1m[22m[2m │ gzip:  6.32 kB[22m[2m │ map:    38.36 kB[22m
[2mdist/[22m[2massets/[22m[36mProfile-DlkxDm4q.js        [39m[1m[2m 24.43 kB[22m[1m[22m[2m │ gzip:  7.86 kB[22m[2m │ map:    74.19 kB[22m
[2mdist/[22m[2massets/[22m[36mUnit-C7HfRCMx.js           [39m[1m[2m 27.13 kB[22m[1m[22m[2m │ gzip:  9.14 kB[22m[2m │ map:    94.75 kB[22m
[2mdist/[22m[2massets/[22m[36mSettings-DaUW2HYb.js       [39m[1m[2m 35.57 kB[22m[1m[22m[2m │ gzip: 11.17 kB[22m[2m │ map:    98.78 kB[22m
[2mdist/[22m[2massets/[22m[36mindex-B8PYJlM8.js          [39m[1m[2m292.48 kB[22m[1m[22m[2m │ gzip: 94.78 kB[22m[2m │ map: 1,347.00 kB[22m
[32m✓ built in 2.40s[39m
