covers: 286/286, missing 0
lib-a1-shrek ← wiki: Shrek
lib-a1-toy-story ← wiki: Toy Story
lib-a1-finding-nemo ← wiki: Finding Nemo
lib-a1-frozen ← wiki: Frozen (2013 film)
lib-a1-minions ← wiki: Minions (film)
lib-a1-lion-king ← wiki: The Lion King
lib-a1-kung-fu-panda ← wiki: Kung Fu Panda (film)
lib-a1-cars ← wiki: Cars (film)
lib-a1-winnie-the-pooh ← wiki: Winnie-the-Pooh
lib-a1-mr-bean ← wiki: Mr. Bean
lib-a1-doctor-who ← wiki: Doctor Who
lib-a1-super-mario ← wiki: Mario
lib-a1-among-us ← wiki: Among Us
lib-a2-up ← wiki: Up (2009 film)
lib-a2-coco ← wiki: Coco (2017 film)
lib-a2-zootopia ← wiki: Zootopia
lib-a2-inside-out ← wiki: Inside Out (2015 film)
lib-a2-ratatouille ← wiki: Ratatouille (film)
lib-a2-httyd ← wiki: How to Train Your Dragon (2010 film)
lib-a2-spider-verse ← wiki: Spider-Man: Into the Spider-Verse
lib-a2-adventure-time ← wiki: Adventure Time
lib-a2-shrek-2 ← wiki: Shrek 2
lib-a2-sherlock ← wiki: Sherlock (TV series)
lib-a2-ted-lasso ← wiki: Ted Lasso
lib-b1-witcher-3 ← wiki: The Witcher 3: Wild Hunt
lib-b1-skyrim ← wiki: The Elder Scrolls V: Skyrim
lib-b1-gta-v ← wiki: Grand Theft Auto V
lib-b1-dota-2 ← wiki: Dota 2
lib-b1-speedrunning ← wiki: Speedrunning
lib-b1-elden-ring ← wiki: Elden Ring
lib-b1-spirited-away ← wiki: Spirited Away
lib-b1-naruto ← wiki: Naruto
lib-b1-attack-on-titan ← wiki: Attack on Titan
lib-b1-one-piece ← wiki: One Piece
lib-b1-pixar-story ← wiki: Pixar
lib-b1-game-of-thrones ← wiki: Game of Thrones
lib-b1-peaky-blinders ← wiki: Peaky Blinders
lib-b1-the-crown ← wiki: The Crown (TV series)
lib-b2-true-detective ← wiki: True Detective
lib-b2-chernobyl ← wiki: Chernobyl (miniseries)
lib-b2-cyberpunk-2077 ← wiki: Cyberpunk 2077
lib-b2-red-dead-redemption-2 ← wiki: Red Dead Redemption 2
lib-b2-disco-elysium ← wiki: Disco Elysium
lib-b2-baldurs-gate-3 ← wiki: Baldur's Gate 3
lib-b2-streaming-wars ← wiki: Netflix
lib-b2-animated-film ← wiki: Animation
lib-b2-dubbing-subtitles ← wiki: Dubbing
lib-b2-learning-with-tv ← wiki: Subtitles
lib-b2-game-storytelling ← wiki: Video game
lib-b2-fandoms ← wiki: Fandom
lib-b2-binge-watching ← wiki: Binge-watching
lib-b2-anime-west ← wiki: Anime
lib-b2-voice-actors ← wiki: Voice acting
lib-b2-villains ← wiki: Villain
dlg-a1-tavern ← wiki: Tavern
dlg-a1-quest-giver ← wiki: Brown rat
dlg-a1-character-select ← wiki: Knight
dlg-a1-farm ← wiki: Farm
dlg-a1-skin-shop ← wiki: Loot box
dlg-a1-training ← wiki: Gamepad
dlg-a1-gate-guard ← wiki: City gate
dlg-a2-racing ← wiki: Pit stop
dlg-a2-coop-puzzle ← wiki: Karnak
dlg-a2-boss ← wiki: Throne
dlg-a2-lost-pet ← wiki: Cat
dlg-a2-spaceport ← wiki: Spaceport
dlg-a2-find-key ← wiki: Skeleton key
dlg-b1-squad-voice ← wiki: Headset (audio)
dlg-b1-radio-night ← wiki: Walkie-talkie
dlg-b1-docking ← wiki: International Space Station
dlg-b1-support-bug ← wiki: Horse
dlg-b1-coach-halftime ← wiki: Association football
dlg-b1-smuggler ← wiki: Smuggling
dlg-b1-raid-night ← wiki: Dragon
dlg-b1-scientist-puzzle ← wiki: Laboratory
dlg-b2-faction-talks ← wiki: Diplomacy
dlg-b2-interrogation ← wiki: Interrogation
dlg-b2-moral-choice ← wiki: Village
dlg-b2-streamer-chat ← wiki: Live streaming
dlg-b2-final-boss ← wiki: Tower
dlg-b2-post-match ← wiki: Esports
dlg-b2-strategy-deal ← wiki: Salt
lib-a1-pac-man ← wiki: Pac-Man
lib-a1-animal-crossing ← wiki: Animal Crossing: New Horizons
lib-a1-fall-guys ← wiki: Jelly bean
lib-a1-angry-birds ← wiki: Angry Birds (video game)
lib-a2-fortnite ← wiki: Fortnite: Save the World
lib-a2-portal ← wiki: Portal (video game)
lib-a2-rocket-league ← wiki: Rocket League
lib-a2-mario-kart-8 ← wiki: Mario Kart 8
lib-a2-street-fighter-2 ← wiki: Street Fighter II
lib-a2-terraria ← wiki: Terraria
lib-a2-zelda-botw ← wiki: The Legend of Zelda: Breath of the Wild
lib-a2-plants-vs-zombies ← wiki: Plants vs. Zombies (video game)
lib-b1-counter-strike ← wiki: Counter-Strike (video game)
lib-b1-civilization ← wiki: Civilization (video game)
lib-b1-resident-evil ← wiki: Resident Evil (1996 video game)
lib-b1-undertale ← wiki: Sans (Undertale)
lib-b1-esports ← wiki: Spodek
lib-b1-games-and-languages ← wiki: Educational video game
lib-b2-battle-royale ← wiki: PUBG: Battlegrounds
lib-b2-outer-wilds ← wiki: Outer Wilds
lib-b2-starcraft ← wiki: StarCraft (video game)
dlg-a1-char-creator ← wiki: Elf
dlg-a1-farm-neighbour ← wiki: Chicken
dlg-a1-lost-ring ← wiki: Ring (jewellery)
dlg-a1-survival-food ← wiki: Campfire
dlg-a1-guild-invite ← wiki: Guild
dlg-a2-raid-voice ← wiki: Microphone
dlg-a2-rally-codriver ← wiki: Rallying
dlg-a2-detective-baker ← wiki: Bakery
dlg-a2-support-call ← wiki: Call centre
dlg-a2-tennis-coach ← wiki: Tennis court
dlg-a2-kitchen-rush ← wiki: Kitchen brigade
dlg-b1-speedrun-stream ← wiki: Stopwatch
dlg-b1-mirror-puzzle ← wiki: Mirror
dlg-b1-heist-plan ← wiki: Art theft
dlg-b1-city-advisor ← wiki: Town hall
dlg-b1-fishing-contest ← wiki: Fishing tournament
dlg-b1-skill-trainer ← wiki: Magician (fantasy)
dlg-b2-esports-cast ← wiki: Press box
dlg-b2-ban-appeal ← wiki: Cat
dlg-b2-last-rations ← wiki: Fallout shelter
dlg-b2-manor-suspects ← wiki: English country house
dlg-b2-guild-poach ← wiki: Handshake
dlg-b2-boss-bargain ← wiki: Bran Castle
dlg-a1-scr-cafe-sitcom ← wiki: Coffeehouse
dlg-a1-scr-office-printer ← wiki: Photocopier
dlg-a1-scr-detective-cake ← wiki: Chocolate cake
dlg-a1-scr-scifi-bridge ← wiki: Bridge (nautical)
dlg-a1-scr-er-hiccups ← wiki: Emergency department
dlg-a1-scr-school-new-girl ← wiki: Locker
dlg-a1-scr-cooking-show ← wiki: Hourglass
dlg-a1-scr-superhero-base ← wiki: Superman
dlg-a2-scr-romcom-airport ← wiki: Baggage reclaim
dlg-a2-scr-fantasy-council ← wiki: Round Table
dlg-a2-scr-heist-plan ← wiki: Bank vault
dlg-a2-scr-courtroom-parrot ← wiki: Grey parrot
dlg-a2-scr-horror-old-house ← wiki: Candle
dlg-a2-scr-spy-train ← wiki: Orient Express
dlg-a2-scr-western-saloon ← wiki: Tumbleweed
dlg-a2-scr-pirate-map ← wiki: Galleon
dlg-b1-scr-interrogation ← wiki: Receipt
dlg-b1-scr-starship-bridge ← wiki: Arecibo Telescope
dlg-b1-scr-heist-plan ← wiki: Safe
dlg-b1-scr-office-meeting ← wiki: Goldfish
dlg-b1-scr-er-night ← wiki: Ambulance
dlg-b1-scr-airport-romcom ← wiki: Airport terminal
dlg-b1-scr-royal-council ← wiki: Great hall
dlg-b1-scr-sitcom-cafe ← wiki: Latte art
dlg-b2-scr-courtroom ← wiki: Courtroom
dlg-b2-scr-political-thriller ← wiki: Whitehall
dlg-b2-scr-old-house ← wiki: Attic
dlg-b2-scr-spy-cafe ← wiki: Umbrella
dlg-b2-scr-family-dinner ← wiki: Sunday roast
dlg-b2-scr-hero-hq ← wiki: Batcave
dlg-b2-scr-western-saloon ← wiki: Bodie, California
lib-a1-home-alone ← wiki: Home Alone
lib-a1-jurassic-park ← wiki: Jurassic Park (film)
lib-a1-titanic ← wiki: Titanic (1997 film)
lib-a1-paddington ← wiki: Paddington (film)
lib-a2-back-to-the-future ← wiki: Back to the Future
lib-a2-harry-potter-1 ← wiki: Harry Potter and the Philosopher's Stone (film)
lib-a2-forrest-gump ← wiki: Forrest Gump
lib-a2-star-wars ← wiki: Star Wars (film)
lib-b1-the-matrix ← wiki: The Matrix
lib-b1-lotr-fellowship ← wiki: The Lord of the Rings: The Fellowship of the Ring
lib-b1-inception ← wiki: Inception
lib-b1-shawshank ← wiki: The Shawshank Redemption
lib-b2-the-godfather ← wiki: The Godfather
lib-b2-parasite ← wiki: Parasite (2019 film)
lib-b2-casablanca ← wiki: Casablanca (film)
lib-a1-downton-abbey ← wiki: Highclere Castle
lib-a1-emily-in-paris ← wiki: Place de l'Estrapade
lib-a1-greys-anatomy ← wiki: Meredith Grey
lib-b2-the-sopranos ← wiki: Tony Soprano
lib-b2-mad-men ← wiki: Don Draper
lib-b1-subtitles-learning ← wiki: Fansub
lib-b1-film-trailers ← wiki: Trailer (promotion)
lib-b2-british-american-tv ← wiki: Elstree Studios
lib-a1-totoro ← wiki: My Neighbor Totoro
lib-a1-doraemon ← wiki: Doraemon
lib-a1-sailor-moon ← wiki: Sailor Moon
lib-a2-dragon-ball ← wiki: Goku
lib-a2-kikis-delivery ← wiki: Kiki's Delivery Service
lib-a2-demon-slayer ← wiki: Demon Slayer: Kimetsu no Yaiba
lib-a2-my-hero-academia ← wiki: My Hero Academia
lib-b1-howls-moving-castle ← wiki: Howl's Moving Castle (film)
lib-b1-princess-mononoke ← wiki: Princess Mononoke
lib-b2-your-name ← wiki: Your Name
lib-b2-cowboy-bebop ← wiki: Cowboy Bebop
lib-b1-wall-e ← wiki: WALL-E
lib-b1-moana ← wiki: Moana (2016 film)
lib-b1-incredibles ← wiki: The Incredibles
lib-b1-monsters-inc ← wiki: Monsters, Inc.
lib-b2-soul ← wiki: Soul (2020 film)
lib-b2-iron-giant ← wiki: The Iron Giant
bk-a1-alice ← wiki: Alice's Adventures in Wonderland
bk-a1-aesop ← wiki: Aesop's Fables
bk-a2-oz ← wiki: The Wonderful Wizard of Oz
bk-b1-red-headed-league ← wiki: The Red-Headed League
bk-b1-jekyll-hyde ← wiki: Strange Case of Dr Jekyll and Mr Hyde
bk-b1-treasure-island ← wiki: Treasure Island
bk-b1-time-machine ← wiki: The Time Machine
bk-a1-robin-hood ← wiki: Robin Hood
bk-a2-80-days ← wiki: Around the World in Eighty Days
bk-a2-canterville ← wiki: The Canterville Ghost
bk-a2-secret-garden ← wiki: The Secret Garden
bk-b1-tom-sawyer ← wiki: The Adventures of Tom Sawyer
bk-b1-baskervilles ← wiki: The Hound of the Baskervilles
bk-b2-frankenstein ← wiki: Frankenstein
bk-b2-dracula ← wiki: Dracula
bk-o-alice ← wiki: Alice's Adventures in Wonderland
bk-o-oz ← wiki: The Wonderful Wizard of Oz
bk-o-happy-prince ← wiki: The Happy Prince and Other Tales
bk-o-christmas-carol ← wiki: A Christmas Carol
bk-o-jekyll ← wiki: Strange Case of Dr Jekyll and Mr Hyde
bk-o-sherlock ← wiki: The Adventures of Sherlock Holmes
bk-o-treasure-island ← wiki: Treasure Island
bk-o-time-machine ← wiki: The Time Machine
bk-o-war-worlds ← wiki: The War of the Worlds
bk-o-call-wild ← wiki: The Call of the Wild
bk-o-jungle-book ← wiki: The Jungle Book
bk-o-frankenstein ← wiki: Frankenstein
bk-o-dorian-gray ← wiki: The Picture of Dorian Gray
bk-o-dracula ← wiki: Dracula
bk-o-pride ← wiki: Pride and Prejudice
bk-o-baskervilles ← wiki: The Hound of the Baskervilles
bk-o-tom-sawyer ← wiki: The Adventures of Tom Sawyer
bk-o-canterville ← wiki: The Canterville Ghost
bk-o-secret-garden ← wiki: The Secret Garden
bk-o-black-beauty ← wiki: Black Beauty
bk-o-80-days ← wiki: Around the World in Eighty Days
bk-o-anne ← wiki: Anne of Green Gables
lib-a1-spongebob ← commons: SpongeBob SquarePants
lib-a1-peppa-pig ← commons: Peppa Pig
lib-a1-tom-and-jerry ← commons: cat chasing
lib-a1-friends ← commons: Friends Central Perk couch
lib-a1-simpsons ← commons: The Simpsons
lib-a1-stranger-things ← commons: Stranger Things
lib-a1-wednesday ← commons: Wednesday Addams at FlameCon
lib-a1-minecraft ← commons: Minecraft Skeleton
lib-a1-tetris ← commons: Tetris
lib-a1-pokemon ← commons: Pokémon
lib-a1-the-sims ← commons: The Sims
lib-a2-avatar-tla ← commons: Avatar: The Last Airbender
lib-a2-gravity-falls ← commons: Gravity Falls
lib-a2-futurama ← commons: Futurama
lib-a2-the-office ← commons: Dunder Mifflin
lib-a2-big-bang-theory ← commons: The Big Bang Theory
lib-a2-himym ← commons: How I Met Your Mother
lib-a2-brooklyn-99 ← commons: Brooklyn Nine-Nine
lib-a2-modern-family ← commons: Cast of Modern Family Golden Globes
lib-a2-mandalorian ← commons: Cosplay of Blue Mandalorian
lib-a2-friends-central-perk ← commons: Central Perk NYC couch
lib-a2-stranger-things-80s ← commons: Stranger Things
lib-a2-the-witcher ← commons: The Witcher (TV series)
lib-a2-only-murders ← commons: Only Murders in the Building
lib-b1-indie-games ← commons: Stardew Valley
lib-b1-breaking-bad ← commons: Breaking Bad
lib-b1-squid-game ← commons: Squid Game
lib-b1-black-mirror ← commons: Broken Samsung Galaxy
lib-b1-house-md ← commons: Gregory House dry brush portrait
lib-b1-lost ← commons: Lost (TV series)
lib-b1-dark ← commons: Fermes de la Forêt-Noire
lib-b1-the-last-of-us ← commons: Cosplay of Ellie and Joel from The Last of Us
lib-b1-arcane ← commons: League of Legends
lib-b1-money-heist ← commons: Money Heist Berlin character
lib-b2-succession ← commons: SuccessionTV
lib-b2-better-call-saul ← commons: Better Call Saul
lib-b2-bojack-horseman ← commons: BoJack Horseman
lib-b2-severance ← commons: Office Corridor Basilica
lib-b2-mr-robot ← commons: Elliot alderson
lib-b2-rick-and-morty ← commons: Rick and Morty opening credits
lib-b2-sitcoms ← commons: WUTV television studios
lib-b2-spoilers ← commons: SPOILER.png
dlg-a1-weapon-shop ← commons: Sword
dlg-a2-lobby ← commons: LAN party
dlg-a2-mmo-first-day ← commons: Massively multiplayer online role-playing game
dlg-b2-moba-draft ← commons: Multiplayer online battle arena
lib-b2-game-soundtracks ← commons: Video game music
dlg-a1-auction-house ← commons: Auction house
dlg-b2-scr-newsroom ← commons: Newsroom
lib-b1-fullmetal-alchemist ← commons: Fullmetal Alchemist: Brotherhood
bk-a2-peter-pan ← commons: Peter Pan
bk-o-peter-pan ← commons: Peter Pan
