
/home/runner/work/english-path/english-path/app/src/app/App.tsx
  79:9  warning  React Hook useEffect has a complex expression in the dependency array. Extract it to a separate variable so it can be statically checked  react-hooks/exhaustive-deps

/home/runner/work/english-path/english-path/app/src/components/Enhance.tsx
   38:14  warning  Fast refresh only works when a file only exports components. Use a new file to share constants or functions between components  react-refresh/only-export-components
   41:17  warning  Fast refresh only works when a file only exports components. Use a new file to share constants or functions between components  react-refresh/only-export-components
   76:17  warning  Fast refresh only works when a file only exports components. Use a new file to share constants or functions between components  react-refresh/only-export-components
  266:17  warning  Fast refresh only works when a file only exports components. Use a new file to share constants or functions between components  react-refresh/only-export-components

/home/runner/work/english-path/english-path/app/src/components/LessonHero.tsx
  17:14  warning  Fast refresh only works when a file only exports components. Use a new file to share constants or functions between components  react-refresh/only-export-components

/home/runner/work/english-path/english-path/app/src/components/Modal.tsx
  43:17  warning  Fast refresh only works when a file only exports components. Use a new file to share constants or functions between components  react-refresh/only-export-components
  47:17  warning  Fast refresh only works when a file only exports components. Use a new file to share constants or functions between components  react-refresh/only-export-components

/home/runner/work/english-path/english-path/app/src/components/Popover.tsx
  71:17  warning  Fast refresh only works when a file only exports components. Use a new file to share constants or functions between components  react-refresh/only-export-components
  78:17  warning  Fast refresh only works when a file only exports components. Use a new file to share constants or functions between components  react-refresh/only-export-components
  86:17  warning  Fast refresh only works when a file only exports components. Use a new file to share constants or functions between components  react-refresh/only-export-components

/home/runner/work/english-path/english-path/app/src/components/Posters.tsx
  13:14  warning  Fast refresh only works when a file only exports components. Use a new file to share constants or functions between components  react-refresh/only-export-components
  23:14  warning  Fast refresh only works when a file only exports components. Use a new file to share constants or functions between components  react-refresh/only-export-components
  24:14  warning  Fast refresh only works when a file only exports components. Use a new file to share constants or functions between components  react-refresh/only-export-components

/home/runner/work/english-path/english-path/app/src/engine/react.tsx
  12:17  warning  Fast refresh only works when a file only exports components. Use a new file to share constants or functions between components  react-refresh/only-export-components
  18:14  warning  Fast refresh only works when a file only exports components. Use a new file to share constants or functions between components  react-refresh/only-export-components
  19:14  warning  Fast refresh only works when a file only exports components. Use a new file to share constants or functions between components  react-refresh/only-export-components
  20:14  warning  Fast refresh only works when a file only exports components. Use a new file to share constants or functions between components  react-refresh/only-export-components

/home/runner/work/english-path/english-path/app/src/pages/Review.tsx
   56:8  warning  React Hook useEffect has missing dependencies: 'left' and 'onReady'. Either include them or remove the dependency array. If 'onReady' changes too often, find the parent component that defines it and wrap that definition in useCallback  react-hooks/exhaustive-deps
   56:9  warning  React Hook useEffect has a complex expression in the dependency array. Extract it to a separate variable so it can be statically checked                                                                                                    react-hooks/exhaustive-deps
  133:8  warning  React Hook useEffect has missing dependencies: 'byId' and 'nextCard'. Either include them or remove the dependency array                                                                                                                    react-hooks/exhaustive-deps
  202:9  warning  React Hook useMemo has an unnecessary dependency: 'turn'. Either exclude it or remove the dependency array                                                                                                                                  react-hooks/exhaustive-deps

/home/runner/work/english-path/english-path/app/src/pages/cards-lists.tsx
   92:14  warning  Fast refresh only works when a file only exports components. Use a new file to share constants or functions between components  react-refresh/only-export-components
  326:14  warning  Fast refresh only works when a file only exports components. Use a new file to share constants or functions between components  react-refresh/only-export-components

/home/runner/work/english-path/english-path/app/src/pages/cards-util.tsx
  10:17  warning  Fast refresh only works when a file only exports components. Use a new file to share constants or functions between components  react-refresh/only-export-components
  82:14  warning  Fast refresh only works when a file only exports components. Use a new file to share constants or functions between components  react-refresh/only-export-components
  83:14  warning  Fast refresh only works when a file only exports components. Use a new file to share constants or functions between components  react-refresh/only-export-components
  87:14  warning  Fast refresh only works when a file only exports components. Use a new file to share constants or functions between components  react-refresh/only-export-components
  89:17  warning  Fast refresh only works when a file only exports components. Use a new file to share constants or functions between components  react-refresh/only-export-components

/home/runner/work/english-path/english-path/app/src/pages/review-card.tsx
   19:14  warning  Fast refresh only works when a file only exports components. Use a new file to share constants or functions between components  react-refresh/only-export-components
   31:14  warning  Fast refresh only works when a file only exports components. Use a new file to share constants or functions between components  react-refresh/only-export-components
   92:8   warning  React Hook useEffect has missing dependencies: 'c', 'm', and 'pos'. Either include them or remove the dependency array          react-hooks/exhaustive-deps
  369:17  warning  Fast refresh only works when a file only exports components. Use a new file to share constants or functions between components  react-refresh/only-export-components

✖ 33 problems (0 errors, 33 warnings)

Checking formatting...
All matched files use Prettier code style!
