
[1m[46m RUN [49m[22m [36mv3.2.7 [39m[90m/home/runner/work/english-path/english-path/app[39m

 [32m✓[39m tests/course.test.ts [2m([22m[2m10 tests[22m[2m)[22m[32m 11[2mms[22m[39m
 [32m✓[39m tests/merge.test.ts [2m([22m[2m12 tests[22m[2m)[22m[32m 15[2mms[22m[39m
 [32m✓[39m tests/utils.test.ts [2m([22m[2m14 tests[22m[2m)[22m[32m 16[2mms[22m[39m
 [32m✓[39m tests/engine.test.ts [2m([22m[2m10 tests[22m[2m)[22m[33m 585[2mms[22m[39m
   [33m[2m✓[22m[39m Collection[2m > [22mкак в задании: new Collection().addWordCards(A1_WordCards) [33m 306[2mms[22m[39m
 [32m✓[39m tests/lessons.test.ts [2m([22m[2m6 tests[22m[2m)[22m[32m 78[2mms[22m[39m
 [32m✓[39m tests/content-sets.test.ts [2m([22m[2m8 tests[22m[2m)[22m[33m 521[2mms[22m[39m
 [32m✓[39m tests/progress-compat.test.ts [2m([22m[2m6 tests[22m[2m)[22m[32m 36[2mms[22m[39m
 [32m✓[39m tests/content-base.test.ts [2m([22m[2m6 tests[22m[2m)[22m[32m 87[2mms[22m[39m
 [32m✓[39m tests/boundaries.test.ts [2m([22m[2m2 tests[22m[2m)[22m[32m 10[2mms[22m[39m
 [32m✓[39m tests/config.test.ts [2m([22m[2m5 tests[22m[2m)[22m[32m 8[2mms[22m[39m
 [32m✓[39m tests/srs.test.ts [2m([22m[2m7 tests[22m[2m)[22m[32m 8[2mms[22m[39m
 [32m✓[39m tests/reading.test.ts [2m([22m[2m6 tests[22m[2m)[22m[32m 9[2mms[22m[39m
 [32m✓[39m tests/review-queue.test.ts [2m([22m[2m4 tests[22m[2m)[22m[32m 12[2mms[22m[39m
 [32m✓[39m tests/lesson-finish.test.ts [2m([22m[2m5 tests[22m[2m)[22m[32m 8[2mms[22m[39m
 [32m✓[39m tests/lookup.test.ts [2m([22m[2m10 tests[22m[2m)[22m[32m 12[2mms[22m[39m
 [32m✓[39m tests/achievements.test.ts [2m([22m[2m3 tests[22m[2m)[22m[32m 299[2mms[22m[39m
 [32m✓[39m tests/word-cards.test.ts [2m([22m[2m4 tests[22m[2m)[22m[32m 103[2mms[22m[39m
 [32m✓[39m tests/catalog.test.ts [2m([22m[2m5 tests[22m[2m)[22m[32m 40[2mms[22m[39m
 [32m✓[39m tests/library.test.ts [2m([22m[2m4 tests[22m[2m)[22m[32m 6[2mms[22m[39m
 [32m✓[39m tests/placement.test.ts [2m([22m[2m6 tests[22m[2m)[22m[32m 7[2mms[22m[39m
 [32m✓[39m tests/tenses.test.ts [2m([22m[2m4 tests[22m[2m)[22m[32m 38[2mms[22m[39m
 [32m✓[39m tests/content-lessons.test.ts [2m([22m[2m4 tests[22m[2m)[22m[32m 45[2mms[22m[39m
 [32m✓[39m tests/exercises-check.test.ts [2m([22m[2m4 tests[22m[2m)[22m[32m 7[2mms[22m[39m
 [32m✓[39m tests/icons.test.ts [2m([22m[2m2 tests[22m[2m)[22m[32m 6[2mms[22m[39m

[2m Test Files [22m [1m[32m24 passed[39m[22m[90m (24)[39m
[2m      Tests [22m [1m[32m147 passed[39m[22m[90m (147)[39m
[2m   Start at [22m 09:55:30
[2m   Duration [22m 10.40s[2m (transform 5.28s, setup 0ms, collect 6.16s, tests 1.97s, environment 13.43s, prepare 2.99s)[22m

